[0] 変分 MPS の対 34176 個。以前の Z↑Z↑ との照合 34176 対で最大差 0.0e+00。max|n_i - 1| = 3.7e-01

[A] cylinder L=64 U=2: 距離 r の Z↑Z↑ の利得の中央値 / 1% より大きく損をする対の割合(n_m=100)
  prior                    r=1           r=2           r=3           r=4         r=5-8        r=9-16       r=17-31
  UHF               28.11/  0%     0.88/100%     1.29/ 48%     0.64/100%     0.57/100%     0.51/100%     0.48/100%
  UHF-sym           17.59/  0%     1.14/  0%     1.63/  0%     1.05/  0%     1.00/ 35%     0.94/ 85%     0.92/100%
  UHF-conn          11.81/  0%     0.96/100%     1.30/  0%     0.99/  0%     1.01/  0%     1.00/  0%     1.00/  0%
  切断χ4               0.94/ 52%     1.00/  0%     1.00/  0%     1.00/  0%     1.00/  0%     1.00/  0%     1.00/  0%
  切断χ8              27.98/  0%     1.10/  0%     1.64/  0%     1.05/  0%     1.02/  0%     1.00/  0%     1.00/  0%
  切断χ16             27.37/  0%     1.09/  0%     1.65/  0%     1.05/  0%     1.03/  0%     1.01/  0%     1.00/  0%
  変分χ4              28.19/  0%     1.05/  0%     1.25/ 48%     0.51/100%     0.46/100%     0.42/100%     0.40/100%
  変分χ4-sym          21.62/  0%     1.11/  0%     1.63/  0%     1.01/  0%     0.97/ 61%     0.91/ 92%     0.88/100%
  変分χ4-conn         14.06/  0%     1.07/  0%     1.22/  0%     1.01/  0%     1.00/  0%     1.00/  0%     1.00/  0%
  変分χ8              27.11/  0%     1.14/  0%     1.62/  0%     1.01/  0%     0.93/ 74%     0.86/100%     0.83/100%
  変分χ8-sym          26.15/  0%     1.14/  0%     1.68/  0%     1.04/  0%     1.02/  0%     1.00/  0%     0.99/ 52%
  変分χ8-conn         22.80/  0%     1.10/  0%     1.62/  0%     1.06/  0%     1.02/  0%     1.00/  0%     1.00/  0%
  変分χ16             28.11/  0%     1.14/  0%     1.68/  0%     1.06/  0%     1.02/  0%     0.98/ 79%     0.96/100%
  変分χ16-sym         27.76/  0%     1.14/  0%     1.68/  0%     1.06/  0%     1.03/  0%     1.01/  0%     1.00/  0%
  変分χ16-conn        26.67/  0%     1.13/  0%     1.65/  0%     1.05/  0%     1.02/  0%     1.00/  0%     1.00/  0%

[A] cylinder L=64 U=4: 距離 r の Z↑Z↑ の利得の中央値 / 1% より大きく損をする対の割合(n_m=100)
  prior                    r=1           r=2           r=3           r=4         r=5-8        r=9-16       r=17-31
  UHF                5.96/  0%     0.13/100%     0.16/100%     0.06/100%     0.05/100%     0.04/100%     0.03/100%
  UHF-sym            8.46/  0%     1.80/  0%     2.51/  0%     0.71/100%     0.48/100%     0.32/100%     0.27/100%
  UHF-conn           2.23/  0%     0.97/100%     1.02/  0%     1.00/  0%     1.00/  0%     1.00/  0%     1.00/  0%
  切断χ4              13.07/  0%     1.72/  0%     1.44/  0%     1.56/  0%     1.26/  0%     1.02/  0%     1.00/  0%
  切断χ8              42.15/  0%     2.44/  0%     3.03/  0%     1.50/  0%     1.25/  0%     1.05/  0%     1.01/  0%
  切断χ16             42.88/  0%     2.49/  0%     3.06/  0%     1.58/  0%     1.30/  0%     1.09/  0%     1.03/  0%
  変分χ4              42.94/  0%     1.77/  0%     1.62/ 48%     0.47/100%     0.32/100%     0.22/100%     0.19/100%
  変分χ4-sym          25.83/  0%     2.49/  0%     2.61/  0%     1.57/  0%     1.24/  0%     0.90/ 85%     0.77/100%
  変分χ4-conn         11.31/  0%     1.65/  0%     1.27/  0%     1.06/  0%     1.00/  0%     1.00/  0%     1.00/  0%
  変分χ8              35.17/  0%     2.47/  0%     3.06/  0%     1.55/  0%     1.18/ 33%     0.81/ 92%     0.69/100%
  変分χ8-sym          32.47/  0%     2.49/  0%     2.96/  0%     1.58/  0%     1.30/  0%     1.09/  0%     1.02/ 10%
  変分χ8-conn         24.31/  0%     2.28/  0%     2.47/  0%     1.45/  0%     1.17/  0%     1.01/  0%     1.00/  0%
  変分χ16             35.98/  0%     2.49/  0%     3.02/  0%     1.58/  0%     1.30/  0%     1.09/  0%     1.03/  0%
  変分χ16-sym         36.23/  0%     2.49/  0%     3.03/  0%     1.58/  0%     1.29/  0%     1.07/  0%     1.02/  0%
  変分χ16-conn        38.17/  0%     2.47/  0%     3.06/  0%     1.56/  0%     1.28/  0%     1.05/  0%     1.00/  0%

[A] cylinder L=64 U=8: 距離 r の Z↑Z↑ の利得の中央値 / 1% より大きく損をする対の割合(n_m=100)
  prior                    r=1           r=2           r=3           r=4         r=5-8        r=9-16       r=17-31
  UHF                3.58/  0%     0.11/100%     0.11/100%     0.04/100%     0.03/100%     0.02/100%     0.02/100%
  UHF-sym            4.98/  0%     2.82/  0%     2.59/  0%     0.62/100%     0.34/100%     0.18/100%     0.15/100%
  UHF-conn           1.22/  0%     1.00/  0%     1.00/  0%     1.00/  0%     1.00/  0%     1.00/  0%     1.00/  0%
  切断χ4              51.18/  0%     4.57/  0%     2.28/  0%     2.29/  0%     1.55/  0%     1.05/  0%     1.00/  0%
  切断χ8              56.42/  0%     4.53/  0%     4.24/  0%     2.06/  0%     1.53/  0%     1.13/  0%     1.02/  0%
  切断χ16             56.45/  0%     4.88/  0%     4.70/  0%     2.29/  0%     1.64/  0%     1.18/  0%     1.06/  0%
  変分χ4              56.23/  0%     2.79/  0%     1.77/ 48%     0.47/100%     0.26/100%     0.15/100%     0.12/100%
  変分χ4-sym          30.06/  0%     4.86/  0%     3.62/  0%     2.30/  0%     1.55/  0%     0.87/ 83%     0.66/100%
  変分χ4-conn          9.84/  0%     2.16/  0%     1.32/  0%     1.10/  0%     1.01/  0%     1.00/  0%     1.00/  0%
  変分χ8              44.69/  0%     4.83/  0%     4.65/  0%     2.28/  0%     1.49/  0%     0.79/ 91%     0.60/100%
  変分χ8-sym          40.88/  0%     4.88/  0%     4.45/  0%     2.29/  0%     1.64/  0%     1.18/  0%     1.05/  2%
  変分χ8-conn         30.07/  0%     4.21/  0%     3.38/  0%     1.93/  0%     1.35/  0%     1.03/  0%     1.00/  0%
  変分χ16             52.39/  0%     4.88/  0%     4.67/  0%     2.29/  0%     1.64/  0%     1.18/  0%     1.05/  0%
  変分χ16-sym         52.39/  0%     4.88/  0%     4.67/  0%     2.29/  0%     1.64/  0%     1.18/  0%     1.05/  0%
  変分χ16-conn        52.39/  0%     4.88/  0%     4.67/  0%     2.29/  0%     1.64/  0%     1.18/  0%     1.05/  0%

[A] cylinder L=64 U=12: 距離 r の Z↑Z↑ の利得の中央値 / 1% より大きく損をする対の割合(n_m=100)
  prior                    r=1           r=2           r=3           r=4         r=5-8        r=9-16       r=17-31
  UHF                3.34/  0%     0.12/100%     0.10/100%     0.04/100%     0.03/100%     0.02/100%     0.01/100%
  UHF-sym            4.46/  0%     3.26/  0%     2.66/  0%     0.61/100%     0.32/100%     0.17/100%     0.13/100%
  UHF-conn           1.09/  0%     1.00/  0%     1.00/  0%     1.00/  0%     1.00/  0%     1.00/  0%     1.00/  0%
  切断χ4              56.18/  0%     5.54/  0%     2.74/  0%     2.32/  0%     1.64/  0%     1.17/  0%     1.03/  0%
  切断χ8              60.05/  0%     5.18/  0%     4.53/  0%     2.22/  0%     1.63/  0%     1.16/  0%     1.03/  0%
  切断χ16             60.42/  0%     5.74/  0%     5.23/  0%     2.52/  0%     1.75/  0%     1.22/  0%     1.07/  0%
  変分χ4              59.97/  0%     3.08/  0%     1.80/ 48%     0.46/100%     0.25/100%     0.13/100%     0.10/100%
  変分χ4-sym          31.20/  0%     5.68/  0%     3.93/  0%     2.52/  0%     1.65/  0%     0.86/ 78%     0.63/100%
  変分χ4-conn          9.47/  0%     2.27/  0%     1.34/  0%     1.11/  0%     1.01/  0%     1.00/  0%     1.00/  0%
  変分χ8              47.62/  0%     5.68/  0%     5.17/  0%     2.51/  0%     1.59/  0%     0.79/ 85%     0.58/100%
  変分χ8-sym          43.42/  0%     5.74/  0%     4.94/  0%     2.51/  0%     1.74/  0%     1.21/  0%     1.06/  2%
  変分χ8-conn         30.97/  0%     4.86/  0%     3.66/  0%     2.07/  0%     1.41/  0%     1.04/  0%     1.00/  0%
  変分χ16             56.35/  0%     5.74/  0%     5.21/  0%     2.52/  0%     1.75/  0%     1.21/  0%     1.06/  0%
  変分χ16-sym         56.35/  0%     5.74/  0%     5.21/  0%     2.52/  0%     1.75/  0%     1.21/  0%     1.06/  0%
  変分χ16-conn        56.35/  0%     5.74/  0%     5.21/  0%     2.52/  0%     1.75/  0%     1.21/  0%     1.06/  0%

[A] torus L=16 U=2: 距離 r の Z↑Z↑ の利得の中央値 / 1% より大きく損をする対の割合(n_m=100)
  prior                    r=1           r=2           r=3           r=4         r=5-8
  UHF               19.87/  0%     0.92/100%     1.14/  0%     0.67/100%     0.66/100%
  UHF-sym           20.10/  0%     1.22/  0%     1.65/  0%     1.13/  0%     1.16/  0%
  UHF-conn          12.94/  0%     0.95/100%     1.26/  0%     0.99/100%     1.00/  0%
  切断χ4               0.86/ 50%     1.00/  0%     1.00/  0%     1.00/  0%     1.00/  0%
  切断χ8              21.94/  0%     1.22/  0%     1.38/  0%     1.09/  0%     1.06/  0%
  切断χ16             23.88/  0%     1.13/  0%     1.55/  0%     1.10/  0%     1.08/  0%
  変分χ4              18.52/  0%     1.19/  0%     1.23/  0%     0.63/ 81%     0.64/ 82%
  変分χ4-sym          17.10/  0%     1.22/  0%     1.62/  0%     1.12/  0%     1.13/  0%
  変分χ4-conn         14.88/  0%     1.08/  0%     1.21/  0%     1.01/  0%     1.00/  0%
  変分χ8               4.92/  0%     1.21/  0%     1.19/  0%     1.11/  0%     1.05/  0%
  変分χ8-sym           4.94/  0%     1.21/  0%     1.20/  0%     1.11/  0%     1.05/  0%
  変分χ8-conn          4.99/  0%     1.20/  0%     1.19/  0%     1.11/  0%     1.04/  0%
  変分χ16             18.11/  0%     1.24/  0%     1.59/  6%     1.01/ 25%     0.97/ 61%
  変分χ16-sym         17.22/  0%     1.22/  0%     1.53/  0%     1.13/  0%     1.13/  0%
  変分χ16-conn        13.01/  0%     1.09/ 12%     1.31/  0%     1.05/ 25%     1.01/  4%

[A] torus L=16 U=4: 距離 r の Z↑Z↑ の利得の中央値 / 1% より大きく損をする対の割合(n_m=100)
  prior                    r=1           r=2           r=3           r=4         r=5-8
  UHF                3.52/  0%     0.13/100%     0.14/100%     0.07/100%     0.06/100%
  UHF-sym           11.17/  0%     1.90/  0%     2.05/  0%     0.82/100%     0.67/100%
  UHF-conn           2.42/  0%     0.97/100%     1.02/  0%     1.00/  0%     1.00/  0%
  切断χ4              24.39/  0%     1.95/  0%     1.14/ 12%     1.60/  0%     1.32/  2%
  切断χ8              32.64/  0%     2.40/  0%     1.96/  0%     1.44/  0%     1.27/  0%
  切断χ16             32.56/  0%     2.30/  0%     2.36/  0%     1.53/  0%     1.36/  0%
  変分χ4              22.20/  0%     2.01/  0%     1.39/  0%     0.62/ 75%     0.51/ 82%
  変分χ4-sym          25.23/  0%     2.54/  0%     2.49/  0%     1.69/  0%     1.46/  0%
  変分χ4-conn         14.39/  0%     1.65/  0%     1.27/  0%     1.06/  0%     1.00/  0%
  変分χ8               6.28/  0%     2.54/  0%     1.49/  0%     1.52/  0%     1.16/  0%
  変分χ8-sym           6.35/  0%     2.54/  0%     1.53/  0%     1.56/  0%     1.18/  0%
  変分χ8-conn          6.39/  0%     2.53/  0%     1.50/  0%     1.55/  0%     1.16/  0%
  変分χ16             22.30/  0%     2.47/  0%     2.27/  0%     1.45/  6%     1.12/ 21%
  変分χ16-sym         21.00/  0%     2.56/  0%     2.44/  0%     1.68/  0%     1.44/  0%
  変分χ16-conn        15.19/  0%     2.13/ 12%     1.84/  0%     1.36/  0%     1.06/  0%

[A] torus L=16 U=8: 距離 r の Z↑Z↑ の利得の中央値 / 1% より大きく損をする対の割合(n_m=100)
  prior                    r=1           r=2           r=3           r=4         r=5-8
  UHF                2.32/  0%     0.12/100%     0.09/100%     0.05/100%     0.04/100%
  UHF-sym            6.03/  0%     3.00/  0%     2.05/  0%     0.74/100%     0.50/100%
  UHF-conn           1.24/  0%     1.00/  0%     1.00/  0%     1.00/  0%     1.00/  0%
  切断χ4              40.26/  0%     4.53/  0%     2.98/  0%     1.96/  0%     1.63/  0%
  切断χ8              42.04/  0%     3.94/  0%     2.54/  0%     1.78/  0%     1.50/  0%
  切断χ16             43.72/  0%     5.02/  0%     4.14/  0%     2.44/  0%     1.91/  0%
  変分χ4              26.72/  0%     3.27/  0%     1.66/  0%     0.69/ 75%     0.49/ 82%
  変分χ4-sym          34.20/  0%     4.97/  0%     3.55/  0%     2.46/  0%     1.97/  0%
  変分χ4-conn         12.57/  0%     2.14/  0%     1.33/  0%     1.10/  0%     1.00/  0%
  変分χ8               7.88/  0%     4.88/  0%     1.75/  0%     1.94/  0%     1.27/  0%
  変分χ8-sym           7.77/  0%     4.96/  0%     2.14/  0%     2.23/  0%     1.36/  0%
  変分χ8-conn          7.94/  0%     4.93/  0%     2.06/  0%     2.18/  0%     1.32/  0%
  変分χ16             27.60/  0%     4.80/  0%     3.40/  0%     2.11/  0%     1.39/ 18%
  変分χ16-sym         25.56/  0%     4.98/  0%     3.60/  0%     2.45/  0%     1.86/  0%
  変分χ16-conn        19.62/  0%     3.73/ 12%     2.38/  0%     1.71/  0%     1.13/  0%

[A] torus L=16 U=12: 距離 r の Z↑Z↑ の利得の中央値 / 1% より大きく損をする対の割合(n_m=100)
  prior                    r=1           r=2           r=3           r=4         r=5-8
  UHF                2.20/  0%     0.12/100%     0.09/100%     0.05/100%     0.03/100%
  UHF-sym            5.29/  0%     3.48/  0%     2.11/  0%     0.75/100%     0.48/100%
  UHF-conn           1.10/  0%     1.00/  0%     1.00/  0%     1.00/  0%     1.00/  0%
  切断χ4              43.79/  0%     4.68/  0%     2.91/  0%     1.91/  0%     1.61/  0%
  切断χ8              43.68/  0%     5.13/  0%     3.41/  0%     2.51/  0%     1.96/  0%
  切断χ16             46.93/  0%     5.85/  0%     4.51/  0%     2.71/  0%     2.11/  0%
  変分χ4              27.96/  0%     3.64/  0%     1.68/  0%     0.70/ 75%     0.48/ 86%
  変分χ4-sym          37.89/  0%     5.80/  0%     3.87/  0%     2.71/  0%     2.13/  0%
  変分χ4-conn         12.05/  0%     2.25/  0%     1.35/  0%     1.11/  0%     1.00/  0%
  変分χ8               8.17/  0%     5.70/  0%     1.82/  0%     2.08/  0%     1.30/  0%
  変分χ8-sym           8.05/  0%     5.83/  0%     2.26/  0%     2.42/  0%     1.40/  0%
  変分χ8-conn          8.23/  0%     5.79/  0%     2.19/  0%     2.38/  0%     1.35/  0%
  変分χ16             29.17/  0%     5.67/  0%     3.79/  0%     2.32/  0%     1.48/ 18%
  変分χ16-sym         26.77/  0%     5.85/  0%     3.96/  0%     2.69/  0%     1.99/  0%
  変分χ16-conn        21.03/  0%     4.25/  0%     2.54/  0%     1.82/  0%     1.15/  0%

[B] r ≥ 2 の全対での損の割合(L=64 開放端 / L=16 周期境界)
  U=   2: UHF  97%/ 85%  UHF-sym  62%/  0%  UHF-conn   6%/ 31%  切断χ4   0%/  0%  切断χ8   0%/  0%  切断χ16   0%/  0%  変分χ4  90%/ 57%  変分χ4-sym  70%/  0%  変分χ4-conn   0%/  0%  変分χ8  75%/  0%  変分χ8-sym  13%/  0%  変分χ8-conn   0%/  0%  変分χ16  52%/ 38%  変分χ16-sym   0%/  0%  変分χ16-conn   0%/  8%
  U=   4: UHF 100%/100%  UHF-sym  87%/ 69%  UHF-conn   6%/ 15%  切断χ4   0%/  3%  切断χ8   0%/  0%  切断χ16   0%/  0%  変分χ4  90%/ 56%  変分χ4-sym  54%/  0%  変分χ4-conn   0%/  0%  変分χ8  64%/  0%  変分χ8-sym   3%/  0%  変分χ8-conn   0%/  0%  変分χ16   0%/ 12%  変分χ16-sym   0%/  0%  変分χ16-conn   0%/  2%
  U=   8: UHF 100%/100%  UHF-sym  87%/ 69%  UHF-conn   0%/  0%  切断χ4   0%/  0%  切断χ8   0%/  0%  切断χ16   0%/  0%  変分χ4  90%/ 56%  変分χ4-sym  54%/  0%  変分χ4-conn   0%/  0%  変分χ8  56%/  0%  変分χ8-sym   1%/  0%  変分χ8-conn   0%/  0%  変分χ16   0%/ 10%  変分χ16-sym   0%/  0%  変分χ16-conn   0%/  2%
  U=  12: UHF 100%/100%  UHF-sym  87%/ 69%  UHF-conn   0%/  0%  切断χ4   0%/  0%  切断χ8   0%/  0%  切断χ16   0%/  0%  変分χ4  90%/ 58%  変分χ4-sym  52%/  0%  変分χ4-conn   0%/  0%  変分χ8  54%/  0%  変分χ8-sym   1%/  0%  変分χ8-conn   0%/  0%  変分χ16   0%/ 10%  変分χ16-sym   0%/  0%  変分χ16-conn   0%/  0%
