[0] crm_mpslow_sym.tsv と crm_mpslow_*.tsv の照合: 320 状態、オンサイト ZZ・隣接 Z↑Z↑・S^z・S·S の最大差 1.0e-12

[A] 厳密な 80 系(中央値 [最小]、1% より大きく損をする系の数 / 系の数)。n_m=100
  オンサイト ZZ
    U=   2: UHF    2.30[  1.00] 損 0/20  UHF-sym    2.30[  1.00] 損 0/20  変分χ4    7.63[  0.89] 損 1/20  変分χ4-sym    7.63[  0.89] 損 1/20
            変分χ8    8.92[  1.26] 損 0/20  変分χ8-sym    8.92[  1.26] 損 0/20  変分χ16    9.68[  3.84] 損 0/20  変分χ16-sym    9.68[  3.84] 損 0/20
    U=   4: UHF   50.28[ 13.90] 損 0/20  UHF-sym   50.28[ 13.90] 損 0/20  変分χ4   48.01[  1.85] 損 0/20  変分χ4-sym   48.01[  1.85] 損 0/20
            変分χ8   50.14[  1.73] 損 0/20  変分χ8-sym   50.14[  1.73] 損 0/20  変分χ16   50.58[  4.50] 損 0/20  変分χ16-sym   50.58[  4.50] 損 0/20
    U=   8: UHF  188.39[134.63] 損 0/20  UHF-sym  188.39[134.63] 損 0/20  変分χ4  235.37[ 49.02] 損 0/20  変分χ4-sym  235.37[ 49.02] 損 0/20
            変分χ8  237.18[ 79.31] 損 0/20  変分χ8-sym  237.18[ 79.31] 損 0/20  変分χ16  237.24[ 84.29] 損 0/20  変分χ16-sym  237.24[ 84.29] 損 0/20
    U=  12: UHF  465.29[321.08] 損 0/20  UHF-sym  465.29[321.08] 損 0/20  変分χ4  552.97[178.87] 損 0/20  変分χ4-sym  552.97[178.87] 損 0/20
            変分χ8  554.73[238.46] 損 0/20  変分χ8-sym  554.73[238.46] 損 0/20  変分χ16  554.80[261.08] 損 0/20  変分χ16-sym  554.80[261.08] 損 0/20
  隣接 Z↑Z↑
    U=   2: UHF    8.33[  2.01] 損 0/20  UHF-sym   12.43[  3.84] 損 0/20  変分χ4    8.12[  0.34] 損 1/20  変分χ4-sym    9.74[  1.39] 損 0/20
            変分χ8    8.15[  0.68] 損 2/20  変分χ8-sym    6.59[  2.68] 損 0/20  変分χ16   15.87[  1.49] 損 0/20  変分χ16-sym   14.90[  2.01] 損 0/20
    U=   4: UHF    1.89[  0.51] 損 5/20  UHF-sym   11.15[  5.36] 損 0/20  変分χ4    9.70[  1.88] 損 0/20  変分χ4-sym   13.54[  1.40] 損 0/20
            変分χ8    9.71[  0.67] 損 1/20  変分χ8-sym   11.67[  3.96] 損 0/20  変分χ16   20.84[  2.16] 損 0/20  変分χ16-sym   18.87[  3.95] 損 0/20
    U=   8: UHF    1.33[  0.13] 損 5/20  UHF-sym    7.82[  2.59] 損 0/20  変分χ4   12.20[  0.80] 損 1/20  変分χ4-sym   17.14[  1.31] 損 0/20
            変分χ8   12.48[  0.21] 損 1/20  変分χ8-sym   16.86[  3.82] 損 0/20  変分χ16   27.27[  0.38] 損 1/20  変分χ16-sym   25.27[  3.73] 損 0/20
    U=  12: UHF    1.22[  0.12] 損 7/20  UHF-sym    6.95[  3.15] 損 0/20  変分χ4   15.28[  0.47] 損 1/20  変分χ4-sym   17.97[  0.75] 損 1/20
            変分χ8   16.78[  0.21] 損 1/20  変分χ8-sym   19.83[  4.61] 損 0/20  変分χ16   28.82[  0.40] 損 1/20  変分χ16-sym   26.67[  3.37] 損 0/20
  単一サイト Z↑
    U=   2: UHF    0.11[  0.05] 損17/20  UHF-sym    1.00[  1.00] 損 0/20  変分χ4    0.10[  0.03] 損20/20  変分χ4-sym    1.00[  0.95] 損 6/20
            変分χ8    0.33[  0.03] 損19/20  変分χ8-sym    1.00[  0.96] 損 1/20  変分χ16    0.33[  0.09] 損17/20  変分χ16-sym    1.00[  0.96] 損 1/20
    U=   4: UHF    0.02[  0.02] 損20/20  UHF-sym    1.00[  0.78] 損 1/20  変分χ4    0.06[  0.03] 損20/20  変分χ4-sym    1.00[  0.98] 損 1/20
            変分χ8    0.19[  0.03] 損19/20  変分χ8-sym    1.00[  0.98] 損 1/20  変分χ16    0.12[  0.03] 損15/20  変分χ16-sym    1.00[  0.93] 損 1/20
    U=   8: UHF    0.02[  0.02] 損20/20  UHF-sym    1.00[  0.99] 損 1/20  変分χ4    0.04[  0.03] 損20/20  変分χ4-sym    1.00[  1.00] 損 0/20
            変分χ8    0.15[  0.02] 損19/20  変分χ8-sym    1.00[  1.00] 損 0/20  変分χ16    0.68[  0.02] 損10/20  変分χ16-sym    1.00[  1.00] 損 0/20
    U=  12: UHF    0.02[  0.02] 損20/20  UHF-sym    1.00[  1.00] 損 0/20  変分χ4    0.04[  0.03] 損20/20  変分χ4-sym    1.00[  1.00] 損 0/20
            変分χ8    0.11[  0.02] 損18/20  変分χ8-sym    1.00[  1.00] 損 0/20  変分χ16    0.46[  0.02] 損11/20  変分χ16-sym    1.00[  1.00] 損 0/20
  二重占有 4項
    U=   2: UHF    0.99[  0.89] 損10/20  UHF-sym    2.13[  1.00] 損 0/20  変分χ4    1.20[  0.26] 損 5/20  変分χ4-sym    5.42[  0.99] 損 1/20
            変分χ8    3.22[  0.32] 損 6/20  変分χ8-sym    5.94[  1.18] 損 0/20  変分χ16    2.95[  0.98] 損 2/20  変分χ16-sym    6.25[  2.64] 損 0/20
    U=   4: UHF    1.20[  0.69] 損 3/20  UHF-sym   27.99[  7.23] 損 0/20  変分χ4    2.75[  0.82] 損 1/20  変分χ4-sym   27.31[  1.78] 損 0/20
            変分χ8    8.67[  0.44] 損 3/20  変分χ8-sym   27.95[  1.60] 損 0/20  変分χ16    5.34[  0.79] 損 2/20  変分χ16-sym   28.09[  3.44] 損 0/20
    U=   8: UHF    1.63[  1.52] 損 0/20  UHF-sym   79.51[ 61.50] 損 0/20  変分χ4    4.26[  2.28] 損 0/20  変分χ4-sym   86.80[ 33.80] 損 0/20
            変分χ8   14.90[  1.67] 損 0/20  変分χ8-sym   87.05[ 46.49] 損 0/20  変分χ16   55.00[  1.72] 損 0/20  変分χ16-sym   87.06[ 48.47] 損 0/20
    U=  12: UHF    1.81[  1.74] 損 0/20  UHF-sym  123.45[103.04] 損 0/20  変分χ4    4.75[  2.79] 損 0/20  変分χ4-sym  128.84[ 82.27] 損 0/20
            変分χ8   13.34[  2.00] 損 0/20  変分χ8-sym  128.94[ 91.44] 損 0/20  変分χ16   53.19[  2.13] 損 0/20  変分χ16-sym  128.94[ 96.00] 損 0/20

[B] 全 U をまとめた損の数(1% より大きく損をする系 / 系の数)
  UHF          オンサイト ZZ 0/80  隣接 Z↑Z↑ 17/80  単一サイト Z↑ 77/80  二重占有 4項 13/80
  UHF-sym      オンサイト ZZ 0/80  隣接 Z↑Z↑ 0/80  単一サイト Z↑ 2/80  二重占有 4項 0/80
  変分χ4         オンサイト ZZ 1/80  隣接 Z↑Z↑ 3/80  単一サイト Z↑ 80/80  二重占有 4項 6/80
  変分χ4-sym     オンサイト ZZ 1/80  隣接 Z↑Z↑ 1/80  単一サイト Z↑ 7/80  二重占有 4項 1/80
  変分χ8         オンサイト ZZ 0/80  隣接 Z↑Z↑ 5/80  単一サイト Z↑ 75/80  二重占有 4項 9/80
  変分χ8-sym     オンサイト ZZ 0/80  隣接 Z↑Z↑ 0/80  単一サイト Z↑ 2/80  二重占有 4項 0/80
  変分χ16        オンサイト ZZ 0/80  隣接 Z↑Z↑ 2/80  単一サイト Z↑ 53/80  二重占有 4項 4/80
  変分χ16-sym    オンサイト ZZ 0/80  隣接 Z↑Z↑ 0/80  単一サイト Z↑ 2/80  二重占有 4項 0/80

[C] 隣の <S_i·S_j> の相対誤差 |prior/真 - 1|(中央値、厳密な 80 系のうち各 U の 20 系)
  U=   2: UHF(=UHF-sym) 0.245  変分χ4 0.190  変分χ8 0.187  変分χ16 0.073
  U=   4: UHF(=UHF-sym) 0.224  変分χ4 0.212  変分χ8 0.131  変分χ16 0.088
  U=   8: UHF(=UHF-sym) 0.327  変分χ4 0.211  変分χ8 0.123  変分χ16 0.040
  U=  12: UHF(=UHF-sym) 0.349  変分χ4 0.209  変分χ8 0.107  変分χ16 0.049
