1次元 Hubbard 鎖 L=8、U=4.0(t=1)、開放端

(a) 半充填・二部格子 N↑=N↓=4   (次の固有値との差 0.319)
  <n_i> : 1.0000 1.0000 1.0000 1.0000 1.0000 1.0000 1.0000 1.0000   max|n_i - 平均| = 1.8e-15
  <d_i> : 0.0717 0.0990 0.0979 0.1001 0.1001 0.0979 0.0990 0.0717
  隣の結合 <K> : 1.2828 0.7405 1.1782 0.7819 1.1782 0.7405 1.2828

(b) ドープ N↑=N↓=3(半充填から電子を2つ抜く)   (次の固有値との差 0.307)
  <n_i> : 0.7491 0.7877 0.6884 0.7749 0.7749 0.6884 0.7877 0.7491   max|n_i - 平均| = 6.2e-02
  <d_i> : 0.0293 0.0703 0.0439 0.0572 0.0572 0.0439 0.0703 0.0293
  隣の結合 <K> : 1.2137 1.0528 0.9354 1.1324 0.9354 1.0528 1.2137

(c) 半充填 + 次近接ホッピング t'=0.3(二部格子でない)   (次の固有値との差 0.314)
  <n_i> : 1.0119 0.9906 0.9993 0.9983 0.9983 0.9993 0.9906 1.0119   max|n_i - 平均| = 1.2e-02
  <d_i> : 0.0781 0.0945 0.0974 0.0990 0.0990 0.0974 0.0945 0.0781
  隣の結合 <K> : 1.2868 0.7304 1.1845 0.7683 1.1845 0.7304 1.2868

(d) 半充填 + 左端のサイトだけに外場 0.5   (次の固有値との差 0.321)
  <n_i> : 0.9656 1.0254 1.0039 1.0032 1.0008 1.0007 1.0002 1.0002   max|n_i - 平均| = 3.4e-02
  <d_i> : 0.0570 0.1133 0.1001 0.1019 0.1005 0.0982 0.0991 0.0718
  隣の結合 <K> : 1.2914 0.7400 1.1798 0.7815 1.1788 0.7403 1.2830

(e) 半充填・奇数長のリング L=7、N↑=4 N↓=3(二部格子でないが並進対称)   (次の固有値との差 0.000)
  <n_i> : 0.9941 1.0015 1.0032 0.9927 1.0099 0.9895 1.0091   max|n_i - 平均| = 1.1e-02
  <d_i> : 0.0971 0.0958 0.0956 0.0973 0.0944 0.0979 0.0946
  隣の結合 <K> : 1.2375 0.6041 1.2132 0.7490 0.9764 1.0309
  縮退した 2 個の基底状態で平均した <n_i> : 1.0000 1.0000 1.0000 1.0000 1.0000 1.0000 1.0000   max|n_i - 1| = 2.4e-15

粒子正孔変換の確認: セクター (3,3) と (5,5) の低い固有値(後者から 2U を引く)
  二部格子(t'=0): (3,3) -5.93009223 -5.62322677 -5.26954099 -5.21908899
              (5,5)-2U -5.93009223 -5.62322677 -5.26954099 -5.21908899   最大差 3.2e-14
  t'=0.3: (3,3) -6.78245226 -6.28592319 -5.81861488 -5.76238986
          (5,5)-2U -5.18627952 -5.07155888 -5.01355334 -5.01280874   最大差 1.6e+00
