/home/tatsuyama/.bashrc: line 36: ulimit: stack size: cannot modify limit: Operation not permitted
host=prokofiev UVAL=4.0 CHI_EXP=512 start=Sun Jul 19 10:47:35 JST 2026
=== validation (U=0, 4x2 cylinder, exact MPS) ===
  [check] free-fermion E = -12.00000000  (gap at Fermi level: 2.0000)
  [check] E_DMRG(U=0) = -12.00000000  (diff 1.24e-14)
  [check] ZZ onsite    DMRG= -0.00000  Wick=  0.00000  (diff 3.6e-16)
  [check] ZZ up-up y1  DMRG= -0.25000  Wick= -0.25000  (diff 3.6e-14)
  [check] ZZ up-up y2  DMRG= -0.00000  Wick= -0.00000  (diff 3.5e-16)
  [check] ZZ up-up x1  DMRG= -0.25000  Wick= -0.25000  (diff 1.5e-13)
  [check] DoubleOcc    DMRG=  0.25000  Wick=  0.25000  (diff 0.0e+00)
  [check] SzSz y-bond  DMRG= -0.03125  Wick= -0.03125  (diff 2.7e-15)
  [check] SzSz x-bond  DMRG= -0.03125  Wick= -0.03125  (diff 9.2e-15)
  [check] hop y-bond   DMRG=  0.50000  Wick=  0.50000  (diff 3.6e-14)
  [check] n(site 2)    DMRG=  1.00000  Wick=  1.00000  (diff 0.0e+00)
  [check] n(site 6)    DMRG=  1.00000  Wick=  1.00000  (diff 1.1e-15)
  [check] all U=0 validations passed (maxdiff 1.5e-13)
  [check] generalized Wick vs collinear Wick at theta=0: maxdiff 3.3e-16
  [check] rotation-average invariance at U=0 (singlet): maxdiff 2.2e-16
  [check] symmetry-restoration checks passed

======================================================================
W=4 x Lx=8 cylinder (N=64 qubits), U=4.0, doping=4/32 holes (Nel=28)
  DMRG(chi=192): E0=-31.399741  maxlinkdim=512  (497s)
  UHF init=neel    E=-27.292766
  UHF init=stripe  E=-27.786914
  UHF init=random  E=-27.786914
  -> selected init=stripe (E=-27.786914)
  col x=1: <n>=0.976  m_stag=+0.359
  col x=2: <n>=0.941  m_stag=+0.300
  col x=3: <n>=0.841  m_stag=+0.223
  col x=4: <n>=0.742  m_stag=+0.078
  col x=5: <n>=0.742  m_stag=-0.078
  col x=6: <n>=0.841  m_stag=-0.223
  col x=7: <n>=0.941  m_stag=-0.300
  col x=8: <n>=0.976  m_stag=-0.359
  UHF: E=-27.786914  (E_UHF - E_DMRG = 3.6128, staggered m=0.078)
  sampling window: qubits [27, 36] (10 of 64)
  MPS prior fidelities: chi=8: 0.0016,  chi=16: 0.0506,  chi=32: 0.3101,  chi=64: 0.6290,  chi=128: 0.8485
  local-observable run: 638s

  observable        true |   G(UHF) G(UHF-sym) G(chi=8) G(chi=16) G(chi=32) G(chi=64) G(chi=128)
  ZZ onsite      -0.3509 |     0.81     0.81     3.76    14.11    23.17    24.06    23.78
  ZZ up-up y1    -0.1599 |     2.18     1.83     0.24     2.75     2.99     3.17     3.11
  ZZ up-up y2     0.0426 |     1.00     0.53     1.00     0.51     1.00     0.82     0.81
  ZZ up-up x1    -0.1588 |     0.20     1.52     1.54     1.78     1.11     1.09     1.32
  DoubleOcc       0.0997 |     1.43     1.78    10.67    17.84    26.95    29.27    29.87
  SzSz y-bond    -0.0455 |     2.10     1.79     1.03    12.57    12.14    12.35    12.19
  SzSz x-bond    -0.0288 |     0.92     2.67     1.26     2.20     1.62     1.52     1.69
  hop y-bond      0.3579 |     8.55     8.55     8.36     8.64     8.62     8.64     8.62
  n(site 14)      0.8748 |     0.44     1.13     1.75     6.15     8.73     8.23     7.53
  n(site 18)      0.8762 |     0.47     0.96     2.30     2.97     3.12     3.39     3.45

  Delta        |      UHF  UHF-sym    chi=8   chi=16   chi=32   chi=64  chi=128
  ZZ onsite    |  -0.3936  -0.3936   0.1852   0.0737   0.0254   0.0128   0.0020
  ZZ up-up y1  |  -0.0891  -0.1052   0.2905   0.0139   0.0029  -0.0078  -0.0037
  ZZ up-up y2  |   0.0339  -0.0317   0.0412   0.1129   0.0355   0.0027   0.0020
  ZZ up-up x1  |   0.2528  -0.0145  -0.1040  -0.0633   0.0255   0.0274   0.0050
  DoubleOcc    |  -0.0318  -0.0318  -0.0375  -0.0054  -0.0024  -0.0001  -0.0005
  SzSz y-bond  |  -0.0253  -0.0293   0.0530   0.0018  -0.0003   0.0001  -0.0001
  SzSz x-bond  |  -0.0042  -0.0066  -0.0255  -0.0112   0.0010   0.0022   0.0007
  hop y-bond   |   0.0210   0.0210   0.0311   0.0057   0.0013   0.0113   0.0019
  n(site 14)   |   0.1332   0.1332  -0.1676  -0.0476  -0.0174  -0.0067  -0.0020
  n(site 18)   |   0.1346   0.1346   0.0033  -0.0199  -0.0132  -0.0033  -0.0023

results saved: /home/tatsuyama/RandomMeas.jl/examples/tatsuyama/crm_2d_doped_results.tsv
done (doped, NHOLE=4, CHI_EXP=512)
end=Sun Jul 19 11:10:54 JST 2026
