== W1L64_cylinder_U12.0  中央の結合 (32, 33)  厳密な状態の χ=683
  厳密         電荷がゆらいだセクター(N_L≠32)の重み 0.0172
      N_L= 32 2S^z_L=+0 : 状態  65  重み 0.830192
      N_L= 32 2S^z_L=-2 : 状態  46  重み 0.076289
      N_L= 32 2S^z_L=+2 : 状態  46  重み 0.076268
      N_L= 31 2S^z_L=-1 : 状態  36  重み 0.004301
      N_L= 33 2S^z_L=-1 : 状態  36  重み 0.004301
      N_L= 33 2S^z_L=+1 : 状態  36  重み 0.004300
      N_L= 31 2S^z_L=+1 : 状態  36  重み 0.004300
      N_L= 32 2S^z_L=-4 : 状態  14  重み 0.000016
      N_L= 32 2S^z_L=+4 : 状態  13  重み 0.000016
      N_L= 31 2S^z_L=-3 : 状態  16  重み 0.000004
      N_L= 33 2S^z_L=-3 : 状態  16  重み 0.000004
      N_L= 33 2S^z_L=+3 : 状態  16  重み 0.000004
      N_L= 31 2S^z_L=+3 : 状態  16  重み 0.000004
  切断 χ=4     電荷がゆらいだセクター(N_L≠32)の重み 0.0000
      N_L= 32 2S^z_L=+0 : 状態   2  重み 0.867833
      N_L= 32 2S^z_L=-2 : 状態   1  重み 0.066092
      N_L= 32 2S^z_L=+2 : 状態   1  重み 0.066074
  切断 χ=8     電荷がゆらいだセクター(N_L≠32)の重み 0.0170
      N_L= 32 2S^z_L=+0 : 状態   2  重み 0.856028
      N_L= 32 2S^z_L=-2 : 状態   1  重み 0.063490
      N_L= 32 2S^z_L=+2 : 状態   1  重み 0.063472
      N_L= 33 2S^z_L=-1 : 状態   1  重み 0.004253
      N_L= 31 2S^z_L=-1 : 状態   1  重み 0.004253
      N_L= 33 2S^z_L=+1 : 状態   1  重み 0.004252
      N_L= 31 2S^z_L=+1 : 状態   1  重み 0.004252
  変分 χ=4     電荷がゆらいだセクター(N_L≠32)の重み 0.0177
      N_L= 32 2S^z_L=+0 : 状態   1  重み 0.889628
      N_L= 32 2S^z_L=-2 : 状態   1  重み 0.092673
      N_L= 31 2S^z_L=-1 : 状態   1  重み 0.008850
      N_L= 33 2S^z_L=-1 : 状態   1  重み 0.008850
  変分 χ=8     電荷がゆらいだセクター(N_L≠32)の重み 0.0181
      N_L= 32 2S^z_L=+0 : 状態   2  重み 0.826625
      N_L= 32 2S^z_L=-2 : 状態   1  重み 0.152342
      N_L= 31 2S^z_L=-1 : 状態   1  重み 0.008436
      N_L= 33 2S^z_L=-1 : 状態   1  重み 0.008436
      N_L= 32 2S^z_L=+2 : 状態   1  重み 0.002919
      N_L= 31 2S^z_L=+1 : 状態   1  重み 0.000622
      N_L= 33 2S^z_L=+1 : 状態   1  重み 0.000622
  変分 χ=16    電荷がゆらいだセクター(N_L≠32)の重み 0.0167
      N_L= 32 2S^z_L=+0 : 状態   4  重み 0.858921
      N_L= 32 2S^z_L=-2 : 状態   2  重み 0.062295
      N_L= 32 2S^z_L=+2 : 状態   2  重み 0.062042
      N_L= 33 2S^z_L=-1 : 状態   2  重み 0.004191
      N_L= 31 2S^z_L=-1 : 状態   2  重み 0.004191
      N_L= 33 2S^z_L=+1 : 状態   2  重み 0.004180
      N_L= 31 2S^z_L=+1 : 状態   2  重み 0.004180
== W1L64_cylinder_U4.0  中央の結合 (32, 33)  厳密な状態の χ=1757
  厳密         電荷がゆらいだセクター(N_L≠32)の重み 0.1142
      N_L= 32 2S^z_L=+0 : 状態 115  重み 0.762819
      N_L= 32 2S^z_L=-2 : 状態  74  重み 0.061507
      N_L= 32 2S^z_L=+2 : 状態  74  重み 0.061507
      N_L= 31 2S^z_L=-1 : 状態  79  重み 0.028466
      N_L= 33 2S^z_L=-1 : 状態  79  重み 0.028466
      N_L= 33 2S^z_L=+1 : 状態  79  重み 0.028466
      N_L= 31 2S^z_L=+1 : 状態  79  重み 0.028466
      N_L= 30 2S^z_L=+0 : 状態  36  重み 0.000076
      N_L= 34 2S^z_L=+0 : 状態  36  重み 0.000076
      N_L= 31 2S^z_L=+3 : 状態  31  重み 0.000033
      N_L= 33 2S^z_L=+3 : 状態  31  重み 0.000033
      N_L= 31 2S^z_L=-3 : 状態  31  重み 0.000033
      N_L= 33 2S^z_L=-3 : 状態  31  重み 0.000033
      N_L= 32 2S^z_L=+4 : 状態  18  重み 0.000008
      N_L= 32 2S^z_L=-4 : 状態  18  重み 0.000008
      N_L= 30 2S^z_L=-2 : 状態  21  重み 0.000002
      N_L= 30 2S^z_L=+2 : 状態  21  重み 0.000002
      N_L= 34 2S^z_L=+2 : 状態  21  重み 0.000002
      N_L= 34 2S^z_L=-2 : 状態  21  重み 0.000002
  切断 χ=4     電荷がゆらいだセクター(N_L≠32)の重み 0.0000
      N_L= 32 2S^z_L=+0 : 状態   2  重み 0.920116
      N_L= 32 2S^z_L=-2 : 状態   1  重み 0.039942
      N_L= 32 2S^z_L=+2 : 状態   1  重み 0.039942
  切断 χ=8     電荷がゆらいだセクター(N_L≠32)の重み 0.1063
      N_L= 32 2S^z_L=+0 : 状態   2  重み 0.802039
      N_L= 32 2S^z_L=-2 : 状態   1  重み 0.045847
      N_L= 32 2S^z_L=+2 : 状態   1  重み 0.045847
      N_L= 33 2S^z_L=-1 : 状態   1  重み 0.026567
      N_L= 31 2S^z_L=-1 : 状態   1  重み 0.026567
      N_L= 31 2S^z_L=+1 : 状態   1  重み 0.026567
      N_L= 33 2S^z_L=+1 : 状態   1  重み 0.026567
  変分 χ=4     電荷がゆらいだセクター(N_L≠32)の重み 0.1101
      N_L= 32 2S^z_L=+0 : 状態   1  重み 0.818180
      N_L= 32 2S^z_L=-2 : 状態   1  重み 0.071761
      N_L= 33 2S^z_L=-1 : 状態   1  重み 0.055030
      N_L= 31 2S^z_L=-1 : 状態   1  重み 0.055030
  変分 χ=8     電荷がゆらいだセクター(N_L≠32)の重み 0.1144
      N_L= 32 2S^z_L=+0 : 状態   2  重み 0.762152
      N_L= 32 2S^z_L=-2 : 状態   1  重み 0.121895
      N_L= 31 2S^z_L=-1 : 状態   1  重み 0.053350
      N_L= 33 2S^z_L=-1 : 状態   1  重み 0.053350
      N_L= 31 2S^z_L=+1 : 状態   1  重み 0.003830
      N_L= 33 2S^z_L=+1 : 状態   1  重み 0.003830
      N_L= 32 2S^z_L=+2 : 状態   1  重み 0.001592
  変分 χ=16    電荷がゆらいだセクター(N_L≠32)の重み 0.1055
      N_L= 32 2S^z_L=+0 : 状態   3  重み 0.811160
      N_L= 32 2S^z_L=-2 : 状態   2  重み 0.068753
      N_L= 33 2S^z_L=-1 : 状態   2  重み 0.037860
      N_L= 31 2S^z_L=-1 : 状態   2  重み 0.037860
      N_L= 31 2S^z_L=+1 : 状態   2  重み 0.014850
      N_L= 33 2S^z_L=+1 : 状態   2  重み 0.014850
      N_L= 32 2S^z_L=+2 : 状態   1  重み 0.014547
      N_L= 34 2S^z_L=+0 : 状態   1  重み 0.000060
      N_L= 30 2S^z_L=+0 : 状態   1  重み 0.000060
