[0] 利得の式(x -> f x)とビット反転のモンテカルロの照合 (n_u = 4000000 基底)
    x       y     |A| n_m   p     | 平均(標準, そのまま, 誤差込み) 真の f x | G そのまま MC / 式 | G 誤差込み MC / 式
  -0.930 -0.945   2  100 0.010 | -0.8920 -0.8933 -0.8933  -0.8932 |   161.49 /   161.25 |   322.47 /   322.23
  +0.600 +0.550   4   10 0.020 | +0.5082 +0.5105 +0.5102  +0.5096 |     4.35 /     4.37 |     4.33 /     4.36
  -0.900 -0.920   4   20 0.020 | -0.7657 -0.7631 -0.7635  -0.7644 |    13.22 /    13.38 |    28.03 /    28.38
  +0.930 +0.940   6  100 0.005 | +0.8755 +0.8750 +0.8750  +0.8756 |   116.86 /   118.54 |   313.78 /   317.04
  +0.500 +0.450   3    1 0.050 | +0.3632 +0.3628 +0.3629  +0.3645 |     1.14 /     1.14 |     1.14 /     1.15

[1] L=64 開放端, U=12.0, n_m=100: 利得 G (そのまま / 誤差込み)
    観測量           prior  x        y/x   | p=0.0             p=0.001           p=0.002           p=0.005           p=0.01            p=0.02          
    ZZ onsite      UHF    -0.9288  1.02 |  472.3/ 472.3     419.1/ 450.1     371.7/ 429.7     261.5/ 377.4     154.2/ 311.6      66.6/ 226.4  
    ZZ onsite      chi8   -0.9288  1.00 |  557.5/ 557.5     517.5/ 526.8     475.1/ 499.0     353.3/ 429.8     209.5/ 346.4      85.4/ 244.3  
    ZZ onsite      chi32  -0.9288  1.00 |  559.0/ 559.0     523.6/ 528.2     484.3/ 500.3     365.5/ 430.7     218.2/ 347.0      88.4/ 244.6  
    隣接 Z↑Z↑        UHF    -0.5264  1.85 |    1.4/   1.4       1.4/   1.4       1.3/   1.4       1.3/   1.4       1.2/   1.4       1.0/   1.4  
    隣接 Z↑Z↑        chi8   -0.5264  0.98 |   34.8/  34.8      34.6/  34.4      34.3/  34.1      33.2/  33.0      30.9/  31.3      25.1/  28.2  
    隣接 Z↑Z↑        chi32  -0.5264  1.00 |   35.1/  35.1      34.7/  34.7      34.3/  34.3      32.8/  33.2      30.0/  31.5      23.7/  28.4  
    P_4 (台8)       UHF    +0.9330  1.01 |  596.5/ 596.5     361.1/ 488.0     225.4/ 410.8      75.8/ 272.5      23.6/ 165.9       5.7/  82.5  
    P_4 (台8)       chi8   +0.9330  1.00 |  673.1/ 673.1     465.2/ 538.1     297.1/ 445.7      94.0/ 287.4      27.2/ 171.3       6.2/  83.8  
    P_4 (台8)       chi32  +0.9330  1.00 |  673.5/ 673.5     471.4/ 538.4     302.1/ 445.9      95.4/ 287.4      27.4/ 171.3       6.3/  83.8  
    P_8 (台16)      UHF    +0.9329  1.01 |  593.4/ 593.4     224.5/ 409.4     103.9/ 307.7      23.8/ 166.3       5.9/  83.4       1.1/  31.6  
    P_8 (台16)      chi8   +0.9329  1.00 |  671.4/ 671.4     297.0/ 445.1     132.3/ 327.4      27.4/ 171.9       6.4/  84.8       1.2/  31.8  
    P_8 (台16)      chi32  +0.9329  1.00 |  671.8/ 671.8     302.0/ 445.2     134.3/ 327.4      27.7/ 171.9       6.4/  84.8       1.2/  31.8  
    P_16 (台32)     UHF    +0.9328  1.01 |  591.4/ 591.4     103.8/ 307.2      35.6/ 198.8       5.9/  83.9       1.1/  32.2       0.1/   7.8  
    P_16 (台32)     chi8   +0.9328  1.00 |  670.2/ 670.2     132.5/ 327.2      42.1/ 207.0       6.5/  85.3       1.2/  32.4       0.2/   7.8  
    P_16 (台32)     chi32  +0.9328  1.00 |  670.6/ 670.6     134.4/ 327.3      42.5/ 207.0       6.5/  85.3       1.2/  32.4       0.2/   7.8  

[1] L=64 開放端, U=12.0, n_m=1: 利得 G (そのまま / 誤差込み)
    観測量           prior  x        y/x   | p=0.0             p=0.001           p=0.002           p=0.005           p=0.01            p=0.02          
    ZZ onsite      UHF    -0.9288  1.02 |    6.6/   6.6       6.3/   6.3       6.0/   6.0       5.3/   5.3       4.4/   4.5       3.3/   3.4  
    ZZ onsite      chi8   -0.9288  1.00 |    6.6/   6.6       6.3/   6.3       6.0/   6.0       5.3/   5.3       4.4/   4.5       3.4/   3.4  
    ZZ onsite      chi32  -0.9288  1.00 |    6.6/   6.6       6.3/   6.3       6.0/   6.0       5.3/   5.3       4.4/   4.5       3.4/   3.4  
    隣接 Z↑Z↑        UHF    -0.5264  1.85 |    1.1/   1.1       1.1/   1.1       1.1/   1.1       1.1/   1.1       1.0/   1.1       1.0/   1.1  
    隣接 Z↑Z↑        chi8   -0.5264  0.98 |    1.3/   1.3       1.3/   1.3       1.3/   1.3       1.3/   1.3       1.3/   1.3       1.3/   1.3  
    隣接 Z↑Z↑        chi32  -0.5264  1.00 |    1.3/   1.3       1.3/   1.3       1.3/   1.3       1.3/   1.3       1.3/   1.3       1.3/   1.3  
    P_4 (台8)       UHF    +0.9330  1.01 |    7.7/   7.7       6.3/   6.4       5.4/   5.4       3.8/   3.9       2.5/   2.7       1.6/   1.8  
    P_4 (台8)       chi8   +0.9330  1.00 |    7.7/   7.7       6.4/   6.4       5.4/   5.4       3.8/   3.9       2.6/   2.7       1.6/   1.8  
    P_4 (台8)       chi32  +0.9330  1.00 |    7.7/   7.7       6.4/   6.4       5.4/   5.4       3.8/   3.9       2.6/   2.7       1.6/   1.8  
    P_8 (台16)      UHF    +0.9329  1.01 |    7.7/   7.7       5.4/   5.4       4.2/   4.3       2.6/   2.7       1.6/   1.8       1.0/   1.3  
    P_8 (台16)      chi8   +0.9329  1.00 |    7.7/   7.7       5.4/   5.4       4.2/   4.3       2.6/   2.7       1.6/   1.8       1.0/   1.3  
    P_8 (台16)      chi32  +0.9329  1.00 |    7.7/   7.7       5.4/   5.4       4.2/   4.3       2.6/   2.7       1.6/   1.8       1.0/   1.3  
    P_16 (台32)     UHF    +0.9328  1.01 |    7.7/   7.7       4.2/   4.3       2.9/   3.1       1.6/   1.8       1.0/   1.3       0.7/   1.1  
    P_16 (台32)     chi8   +0.9328  1.00 |    7.7/   7.7       4.2/   4.3       2.9/   3.1       1.6/   1.8       1.0/   1.3       0.7/   1.1  
    P_16 (台32)     chi32  +0.9328  1.00 |    7.7/   7.7       4.2/   4.3       2.9/   3.1       1.6/   1.8       1.0/   1.3       0.7/   1.1  

[1] L=64 開放端, U=4.0, n_m=100: 利得 G (そのまま / 誤差込み)
    観測量           prior  x        y/x   | p=0.0             p=0.001           p=0.002           p=0.005           p=0.01            p=0.02          
    ZZ onsite      UHF    -0.5990  0.99 |   50.3/  50.3      49.9/  49.7      49.5/  49.1      47.6/  47.4      43.5/  44.6      33.4/  39.7  
    ZZ onsite      chi8   -0.5990  1.02 |   50.0/  50.0      49.0/  49.4      47.9/  48.8      44.7/  47.1      38.9/  44.3      28.0/  39.5  
    ZZ onsite      chi32  -0.5990  1.00 |   50.7/  50.7      50.1/  50.1      49.3/  49.5      46.8/  47.7      41.8/  45.0      31.1/  40.0  
    隣接 Z↑Z↑        UHF    -0.4621  1.70 |    2.0/   2.0       1.9/   2.0       1.9/   2.0       1.8/   2.0       1.7/   2.0       1.4/   2.0  
    隣接 Z↑Z↑        chi8   -0.4621  0.97 |   24.6/  24.6      24.5/  24.3      24.3/  24.1      23.9/  23.4      22.8/  22.3      19.7/  20.3  
    隣接 Z↑Z↑        chi32  -0.4621  1.00 |   25.1/  25.1      24.9/  24.9      24.6/  24.7      23.8/  23.9      22.1/  22.8      18.2/  20.7  
    P_4 (台8)       UHF    +0.6035  1.01 |   57.9/  57.9      53.4/  55.1      48.2/  52.6      32.7/  45.7      16.3/  36.6       5.1/  24.3  
    P_4 (台8)       chi8   +0.6035  1.03 |   54.6/  54.6      48.6/  52.2      42.7/  49.8      27.8/  43.6      13.8/  35.3       4.5/  23.7  
    P_4 (台8)       chi32  +0.6035  1.00 |   58.3/  58.3      54.7/  55.5      50.1/  52.9      34.9/  45.9      17.5/  36.8       5.4/  24.4  
    P_8 (台16)      UHF    +0.5997  1.02 |   56.3/  56.3      46.1/  51.2      35.7/  46.7      15.6/  35.9       5.1/  24.1       1.1/  11.8  
    P_8 (台16)      chi8   +0.5997  1.04 |   52.8/  52.8      41.0/  48.3      30.9/  44.2      13.4/  34.5       4.5/  23.4       1.0/  11.6  
    P_8 (台16)      chi32  +0.5997  1.00 |   57.2/  57.2      49.0/  51.9      39.0/  47.3      17.3/  36.3       5.5/  24.2       1.2/  11.8  
    P_16 (台32)     UHF    +0.5987  1.02 |   55.8/  55.8      35.2/  46.3      20.2/  38.9       5.0/  24.0       1.1/  11.9       0.2/   3.7  
    P_16 (台32)     chi8   +0.5987  1.04 |   52.4/  52.4      30.6/  43.9      17.4/  37.2       4.5/  23.4       1.0/  11.7       0.2/   3.7  
    P_16 (台32)     chi32  +0.5987  1.00 |   56.8/  56.8      38.8/  47.0      22.7/  39.4       5.5/  24.2       1.2/  11.9       0.2/   3.7  

[1] L=64 開放端, U=4.0, n_m=1: 利得 G (そのまま / 誤差込み)
    観測量           prior  x        y/x   | p=0.0             p=0.001           p=0.002           p=0.005           p=0.01            p=0.02          
    ZZ onsite      UHF    -0.5990  0.99 |    1.5/   1.5       1.5/   1.5       1.5/   1.5       1.5/   1.5       1.4/   1.4       1.4/   1.4  
    ZZ onsite      chi8   -0.5990  1.02 |    1.5/   1.5       1.5/   1.5       1.5/   1.5       1.5/   1.5       1.4/   1.4       1.4/   1.4  
    ZZ onsite      chi32  -0.5990  1.00 |    1.5/   1.5       1.5/   1.5       1.5/   1.5       1.5/   1.5       1.4/   1.4       1.4/   1.4  
    隣接 Z↑Z↑        UHF    -0.4621  1.70 |    1.1/   1.1       1.1/   1.1       1.1/   1.1       1.1/   1.1       1.1/   1.1       1.1/   1.1  
    隣接 Z↑Z↑        chi8   -0.4621  0.97 |    1.2/   1.2       1.2/   1.2       1.2/   1.2       1.2/   1.2       1.2/   1.2       1.2/   1.2  
    隣接 Z↑Z↑        chi32  -0.4621  1.00 |    1.2/   1.2       1.2/   1.2       1.2/   1.2       1.2/   1.2       1.2/   1.2       1.2/   1.2  
    P_4 (台8)       UHF    +0.6035  1.01 |    1.6/   1.6       1.5/   1.5       1.5/   1.5       1.4/   1.4       1.3/   1.4       1.2/   1.2  
    P_4 (台8)       chi8   +0.6035  1.03 |    1.6/   1.6       1.5/   1.5       1.5/   1.5       1.4/   1.4       1.3/   1.4       1.2/   1.2  
    P_4 (台8)       chi32  +0.6035  1.00 |    1.6/   1.6       1.5/   1.5       1.5/   1.5       1.4/   1.4       1.3/   1.4       1.2/   1.2  
    P_8 (台16)      UHF    +0.5997  1.02 |    1.6/   1.6       1.5/   1.5       1.5/   1.5       1.3/   1.4       1.2/   1.2       1.0/   1.1  
    P_8 (台16)      chi8   +0.5997  1.04 |    1.6/   1.6       1.5/   1.5       1.5/   1.5       1.3/   1.4       1.2/   1.2       1.0/   1.1  
    P_8 (台16)      chi32  +0.5997  1.00 |    1.6/   1.6       1.5/   1.5       1.5/   1.5       1.3/   1.4       1.2/   1.2       1.0/   1.1  
    P_16 (台32)     UHF    +0.5987  1.02 |    1.6/   1.6       1.5/   1.5       1.4/   1.4       1.2/   1.2       1.0/   1.1       0.9/   1.0  
    P_16 (台32)     chi8   +0.5987  1.04 |    1.6/   1.6       1.5/   1.5       1.4/   1.4       1.2/   1.2       1.0/   1.1       0.8/   1.0  
    P_16 (台32)     chi32  +0.5987  1.00 |    1.6/   1.6       1.5/   1.5       1.4/   1.4       1.2/   1.2       1.0/   1.1       0.9/   1.0  

[2] そのままの prior で損(G<1)に転じる p (n_m=100 での数値解 / 式 (1-2p)^|A| = y/(2x) の解)
    ZZ onsite      UHF: |A|= 2  y/x=1.018  p* 数値 0.1433  式 0.1433
    隣接 Z↑Z↑        UHF: |A|= 2  y/x=1.848  p* 数値 0.0195  式 0.0194
    P_4 (台8)       UHF: |A|= 8  y/x=1.014  p* 数値 0.0408  式 0.0407
    P_8 (台16)      UHF: |A|=16  y/x=1.014  p* 数値 0.0208  式 0.0208
    P_16 (台32)     UHF: |A|=32  y/x=1.014  p* 数値 0.0105  式 0.0105

[3] 誤差込みの prior の天井 (Δ=0, n_m=100, U=12 の x)
    ZZ onsite      |A|= 2 x=-0.9288: p=0.0:   559.0  p=0.001:   528.2  p=0.002:   500.3  p=0.005:   430.7  p=0.01:   347.0  p=0.02:   244.6
    隣接 Z↑Z↑        |A|= 2 x=-0.5264: p=0.0:    35.1  p=0.001:    34.7  p=0.002:    34.3  p=0.005:    33.2  p=0.01:    31.5  p=0.02:    28.4
    P_4 (台8)       |A|= 8 x=+0.9330: p=0.0:   673.5  p=0.001:   538.4  p=0.002:   445.9  p=0.005:   287.4  p=0.01:   171.3  p=0.02:    83.8
    P_8 (台16)      |A|=16 x=+0.9329: p=0.0:   671.8  p=0.001:   445.2  p=0.002:   327.4  p=0.005:   171.9  p=0.01:    84.8  p=0.02:    31.8
    P_16 (台32)     |A|=32 x=+0.9328: p=0.0:   670.6  p=0.001:   327.3  p=0.002:   207.0  p=0.005:    85.3  p=0.01:    32.4  p=0.02:     7.8

[4] 誤差率の見積もり p^ がずれたときの利得 (U=12, UHF, n_m=100, 真の p=0.01)
    ZZ onsite      |A|= 2: p^=0.0:  154.2  p^=0.005:  227.3  p^=0.008:  279.4  p^=0.009:  296.1  p^=0.01:  311.6  p^=0.011:  325.1  p^=0.012:  335.8  p^=0.015:  346.3
    隣接 Z↑Z↑        |A|= 2: p^=0.0:    1.2  p^=0.005:    1.3  p^=0.008:    1.3  p^=0.009:    1.4  p^=0.01:    1.4  p^=0.011:    1.4  p^=0.012:    1.4  p^=0.015:    1.5
    P_4 (台8)       |A|= 8: p^=0.0:   23.6  p^=0.005:   63.7  p^=0.008:  123.9  p^=0.009:  147.9  p^=0.01:  165.9  p^=0.011:  171.1  p^=0.012:  161.6  p^=0.015:   98.3
    P_8 (台16)      |A|=16: p^=0.0:    5.9  p^=0.005:   20.6  p^=0.008:   54.1  p^=0.009:   71.2  p^=0.01:   83.4  p^=0.011:   82.4  p^=0.012:   70.0  p^=0.015:   32.3
    P_16 (台32)     |A|=32: p^=0.0:    1.1  p^=0.005:    5.3  p^=0.008:   18.4  p^=0.009:   26.7  p^=0.01:   32.2  p^=0.011:   30.0  p^=0.012:   23.4  p^=0.015:    9.9
